prepare undefined undefined
mpl [ 0 ] dir [ 0, -1, 0 ]
mpl [ 0 ] dir [ 0, -2, 0 ]
mpl [ 0 ] dir [ 0, -3, 0 ]
mpl [ 1 ] dir [ 0, 0, 1 ]
prepare [ 0 ] [ 0, -1, 0 ]
mpl [ 0 ] dir [ 0, -1, 0 ]
mpl [ 0 ] dir [ 0, -2, 0 ]
mpl [ 0 ] dir [ 0, 1, 0 ]
mpl [ 1 ] dir [ 0, 0, 1 ]
prepare [ 0 ] [ 0, -2, 0 ]
mpl [ 0 ] dir [ 0, -1, 0 ]
mpl [ 0 ] dir [ 0, 1, 0 ]
mpl [ 0 ] dir [ 0, 2, 0 ]
mpl [ 1 ] dir [ 0, 0, 1 ]
prepare [ 0 ] [ 0, -3, 0 ]
mpl [ 0 ] dir [ 0, 1, 0 ]
mpl [ 0 ] dir [ 0, 2, 0 ]
mpl [ 0 ] dir [ 0, 3, 0 ]
mpl [ 1 ] dir [ 0, 0, 1 ]
prepare [ 1 ] [ 0, 0, 1 ]
mpl [ 0 ] dir [ 0, -1, 0 ]
mpl [ 0 ] dir [ 0, -2, 0 ]
mpl [ 0 ] dir [ 0, -3, 0 ]
mpl [ 1 ] dir [ 0, 0, -1 ]
prepare [ 1 ] [ 0, 0, 1 ]
mpl [ 1 ] dir [ 0, 0, -1 ]
mpl [ 0 ] dir [ 0, 1, 0 ]
mpl [ 0 ] dir [ 0, 2, 0 ]
mpl [ 0 ] dir [ 0, 3, 0 ]
prepare [ 1 ] [ 0, 0, 1 ]
mpl [ 0 ] dir [ 0, -1, 0 ]
mpl [ 1 ] dir [ 0, 0, -1 ]
mpl [ 0 ] dir [ 0, 1, 0 ]
mpl [ 0 ] dir [ 0, 2, 0 ]
prepare [ 0 ] [ 0, 1, 0 ]
mpl [ 0 ] dir [ 0, -1, 0 ]
mpl [ 0 ] dir [ 0, -2, 0 ]
mpl [ 0 ] dir [ 0, -3, 0 ]
mpl [ 1 ] dir [ 0, 0, 1 ]
prepare [ 1 ] [ 0, 0, 1 ]
mpl [ 0 ] dir [ 0, -1, 0 ]
mpl [ 0 ] dir [ 0, -2, 0 ]
mpl [ 1 ] dir [ 0, 0, -1 ]
mpl [ 0 ] dir [ 0, 1, 0 ]
DEAD END
undefined
