debug node: idx 0
4100706 [ 5, 0, 1 ]
4141107 [ 5, 0, 2 ]
4100705 [ 4, 0, 1 ]
4141106 [ 4, 0, 2 ]
4100704 [ 3, 0, 1 ]
4141105 [ 3, 0, 2 ]
4100703 [ 2, 0, 1 ]
4141104 [ 2, 0, 2 ]
4100702 [ 1, 0, 1 ]
4141103 [ 1, 0, 2 ]
4100907 [ 5, 1, 1 ]
4141308 [ 5, 1, 2 ]
4100903 [ 1, 1, 1 ]
4141304 [ 1, 1, 2 ]
4101108 [ 5, 2, 1 ]
4141509 [ 5, 2, 2 ]
4101104 [ 1, 2, 1 ]
4141505 [ 1, 2, 2 ]
4101309 [ 5, 3, 1 ]
4141710 [ 5, 3, 2 ]
4101305 [ 1, 3, 1 ]
4141706 [ 1, 3, 2 ]
4101510 [ 5, 4, 1 ]
4141911 [ 5, 4, 2 ]
4101509 [ 4, 4, 1 ]
4141910 [ 4, 4, 2 ]
4101507 [ 2, 4, 1 ]
4141908 [ 2, 4, 2 ]
4101506 [ 1, 4, 1 ]
4141907 [ 1, 4, 2 ]
4101711 [ 5, 5, 1 ]
4101710 [ 4, 5, 1 ]
4142111 [ 4, 5, 2 ]
4101708 [ 2, 5, 1 ]
4142109 [ 2, 5, 2 ]
4101912 [ 5, 6, 1 ]
4142310 [ 2, 6, 2 ]
4102113 [ 5, 7, 1 ]
4142511 [ 2, 7, 2 ]
4102314 [ 5, 8, 1 ]
4142712 [ 2, 8, 2 ]
4102515 [ 5, 9, 1 ]
4142916 [ 5, 9, 2 ]
4102512 [ 2, 9, 1 ]
4142913 [ 2, 9, 2 ]
debug node: idx 1
4344316 [ 3, 6, 7 ]
4344517 [ 3, 7, 7 ]
4344718 [ 3, 8, 7 ]
4303915 [ 3, 6, 6 ]
4304317 [ 3, 8, 6 ]
4263514 [ 3, 6, 5 ]
4263715 [ 3, 7, 5 ]
4263916 [ 3, 8, 5 ]
4223314 [ 3, 7, 4 ]
4182913 [ 3, 7, 3 ]
4142512 [ 3, 7, 2 ]
4102111 [ 3, 7, 1 ]
4102312 [ 3, 8, 1 ]
4061710 [ 3, 7, 0 ]
debug node: idx 2
4182313 [ 6, 4, 3 ]
4141912 [ 6, 4, 2 ]
4101511 [ 6, 4, 1 ]
4061110 [ 6, 4, 0 ]
4182514 [ 6, 5, 3 ]
4142113 [ 6, 5, 2 ]
4101712 [ 6, 5, 1 ]
4061311 [ 6, 5, 0 ]
4182715 [ 6, 6, 3 ]
4142314 [ 6, 6, 2 ]
4101913 [ 6, 6, 1 ]
4061512 [ 6, 6, 0 ]
4182916 [ 6, 7, 3 ]
4142515 [ 6, 7, 2 ]
4102114 [ 6, 7, 1 ]
4061713 [ 6, 7, 0 ]
4183117 [ 6, 8, 3 ]
4142716 [ 6, 8, 2 ]
4102315 [ 6, 8, 1 ]
4061914 [ 6, 8, 0 ]
4183318 [ 6, 9, 3 ]
4142917 [ 6, 9, 2 ]
4102516 [ 6, 9, 1 ]
4062115 [ 6, 9, 0 ]
4183519 [ 6, 10, 3 ]
4143118 [ 6, 10, 2 ]
4102717 [ 6, 10, 1 ]
4062316 [ 6, 10, 0 ]
4182312 [ 5, 4, 3 ]
4061109 [ 5, 4, 0 ]
4142112 [ 5, 5, 2 ]
4183518 [ 5, 10, 3 ]
4143117 [ 5, 10, 2 ]
4102716 [ 5, 10, 1 ]
4062315 [ 5, 10, 0 ]
4182311 [ 4, 4, 3 ]
4061108 [ 4, 4, 0 ]
4142915 [ 4, 9, 2 ]
4183517 [ 4, 10, 3 ]
4143116 [ 4, 10, 2 ]
4102715 [ 4, 10, 1 ]
4062314 [ 4, 10, 0 ]
4182310 [ 3, 4, 3 ]
4061107 [ 3, 4, 0 ]
4183516 [ 3, 10, 3 ]
4143115 [ 3, 10, 2 ]
4102714 [ 3, 10, 1 ]
4062313 [ 3, 10, 0 ]
4182309 [ 2, 4, 3 ]
4061106 [ 2, 4, 0 ]
4183515 [ 2, 10, 3 ]
4143114 [ 2, 10, 2 ]
4102713 [ 2, 10, 1 ]
4062312 [ 2, 10, 0 ]
4182308 [ 1, 4, 3 ]
4061105 [ 1, 4, 0 ]
4102310 [ 1, 8, 1 ]
4183514 [ 1, 10, 3 ]
4143113 [ 1, 10, 2 ]
4102712 [ 1, 10, 1 ]
4062311 [ 1, 10, 0 ]
4182307 [ 0, 4, 3 ]
4141906 [ 0, 4, 2 ]
4101505 [ 0, 4, 1 ]
4061104 [ 0, 4, 0 ]
4182508 [ 0, 5, 3 ]
4142107 [ 0, 5, 2 ]
4101706 [ 0, 5, 1 ]
4061305 [ 0, 5, 0 ]
4182709 [ 0, 6, 3 ]
4142308 [ 0, 6, 2 ]
4101907 [ 0, 6, 1 ]
4061506 [ 0, 6, 0 ]
4182910 [ 0, 7, 3 ]
4142509 [ 0, 7, 2 ]
4102108 [ 0, 7, 1 ]
4061707 [ 0, 7, 0 ]
4183111 [ 0, 8, 3 ]
4142710 [ 0, 8, 2 ]
4102309 [ 0, 8, 1 ]
4061908 [ 0, 8, 0 ]
4183312 [ 0, 9, 3 ]
4142911 [ 0, 9, 2 ]
4102510 [ 0, 9, 1 ]
4062109 [ 0, 9, 0 ]
4183513 [ 0, 10, 3 ]
4143112 [ 0, 10, 2 ]
4102711 [ 0, 10, 1 ]
4062310 [ 0, 10, 0 ]
debug node: idx 3
4062113 [ 4, 9, 0 ]
4062114 [ 5, 9, 0 ]
4061912 [ 4, 8, 0 ]
4061913 [ 5, 8, 0 ]
4061711 [ 4, 7, 0 ]
4061712 [ 5, 7, 0 ]
4102514 [ 4, 9, 1 ]
4102112 [ 4, 7, 1 ]
4142513 [ 4, 7, 2 ]
4183316 [ 4, 9, 3 ]
4183317 [ 5, 9, 3 ]
4183115 [ 4, 8, 3 ]
4183116 [ 5, 8, 3 ]
4182914 [ 4, 7, 3 ]
4182915 [ 5, 7, 3 ]
debug node: idx 4
4062112 [ 3, 9, 0 ]
4061911 [ 3, 8, 0 ]
4062111 [ 2, 9, 0 ]
4061910 [ 2, 8, 0 ]
4062110 [ 1, 9, 0 ]
4061909 [ 1, 8, 0 ]
4102511 [ 1, 9, 1 ]
4142914 [ 3, 9, 2 ]
4142912 [ 1, 9, 2 ]
4183315 [ 3, 9, 3 ]
4183114 [ 3, 8, 3 ]
4183314 [ 2, 9, 3 ]
4183113 [ 2, 8, 3 ]
4183313 [ 1, 9, 3 ]
4183112 [ 1, 8, 3 ]
debug node: idx 5
4061708 [ 1, 7, 0 ]
4061709 [ 2, 7, 0 ]
4061507 [ 1, 6, 0 ]
4061508 [ 2, 6, 0 ]
4061306 [ 1, 5, 0 ]
4061307 [ 2, 5, 0 ]
4101908 [ 1, 6, 1 ]
4101707 [ 1, 5, 1 ]
4142309 [ 1, 6, 2 ]
4182911 [ 1, 7, 3 ]
4182912 [ 2, 7, 3 ]
4182710 [ 1, 6, 3 ]
4182711 [ 2, 6, 3 ]
4182509 [ 1, 5, 3 ]
4182510 [ 2, 5, 3 ]
debug node: idx 6
4061511 [ 5, 6, 0 ]
4061310 [ 5, 5, 0 ]
4061510 [ 4, 6, 0 ]
4061309 [ 4, 5, 0 ]
4061509 [ 3, 6, 0 ]
4061308 [ 3, 5, 0 ]
4101911 [ 4, 6, 1 ]
4142312 [ 4, 6, 2 ]
4182714 [ 5, 6, 3 ]
4182513 [ 5, 5, 3 ]
4182713 [ 4, 6, 3 ]
4182512 [ 4, 5, 3 ]
4182712 [ 3, 6, 3 ]
4182511 [ 3, 5, 3 ]
pidx 0 dir [ 0, -1, 0 ]
pidx 0 dir [ 0, -2, 0 ]
pidx 0 dir [ 0, -3, 0 ]
pidx 0 dir [ 0, 0, -1 ]
undefined
