mpl [ 0 ] dir [ 0, -1, 0 ]
mpl [ 0 ] dir [ 0, -2, 0 ]
mpl [ 0 ] dir [ 0, -3, 0 ]
mpl [ 0, 2, 5, 6, 4, 3 ] dir [ 0, 0, -1 ]
Finished Level 1
[
  '0 0 0 2 6 6 -1 4 -2 1 9 1 4 9 -2 0 6 1 4 5 -2',
  '0 0 0 2 9 5 -1 7 -2 1 12 1 4 12 -2 0 9 1 4 8 -2',
  '0 0 0 2 8 5 -1 6 -2 1 11 1 4 11 -2 0 8 1 4 7 -2',
  '0 0 0 2 7 5 -1 5 -2 1 10 1 4 10 -2 0 7 1 4 6 -2'
]
mpl [ 0 ] dir [ 0, 1, 0 ]
mpl [ 0 ] dir [ 0, -1, 0 ]
mpl [ 0 ] dir [ 0, -2, 0 ]
mpl [ 0, 2, 5, 3, 4, 1 ] dir [ 0, 0, 1 ]
mpl [ 0, 2, 6, 3, 4, 5 ] dir [ 0, 0, -1 ]
mpl [ 0 ] dir [ 0, 1, 0 ]
mpl [ 0 ] dir [ 0, 2, 0 ]
mpl [ 0 ] dir [ 0, -1, 0 ]
mpl [ 0, 2, 6, 3, 5 ] dir [ 0, 0, -1 ]
mpl [ 1 ] dir [ 0, 0, 1 ]
mpl [ 0 ] dir [ 0, 1, 0 ]
mpl [ 0 ] dir [ 0, 2, 0 ]
mpl [ 0 ] dir [ 0, 3, 0 ]
mpl [ 0, 2, 6, 5, 3 ] dir [ 0, 0, -1 ]
mpl [ 1 ] dir [ 0, 0, 1 ]
mpl [ 0 ] dir [ 0, -1, 0 ]
mpl [ 0 ] dir [ 0, -2, 0 ]
mpl [ 0 ] dir [ 0, -3, 0 ]
mpl [ 0, 2, 5, 6, 3, 4 ] dir [ 0, 0, 1 ]
Finished Level 2
[
  '0 0 0 2 7 6 -1 5 -2 1 10 1 4 10 -2 0 7 1 4 6 -2',
  '0 0 0 2 7 5 -1 5 -2 1 10 1 4 10 -2 0 7 1 4 6 -3',
  '0 0 0 2 8 6 -1 6 -2 1 11 1 4 11 -2 0 8 1 4 7 -2',
  '0 0 0 2 8 6 -1 6 -2 1 11 1 4 11 -1 0 8 1 4 7 -2',
  '0 0 0 2 9 6 -1 7 -2 1 12 1 4 12 -2 0 9 1 4 8 -2',
  '0 0 0 2 9 6 -1 7 -2 1 12 1 4 12 -1 0 9 1 4 8 -2'
]
mpl [ 0 ] dir [ 0, 1, 0 ]
mpl [ 0, 2, 3, 4, 5, 1 ] dir [ 0, -1, 0 ]
mpl [ 0, 2, 5, 6, 3 ] dir [ 0, 0, 1 ]
mpl [ 0, 2, 6, 5, 3, 4 ] dir [ 0, 0, -1 ]
mpl [ 1, 5, 2, 3, 4 ] dir [ 0, -1, 0 ]
mpl [ 4 ] dir [ 0, 0, -1 ]
mpl [ 0 ] dir [ 0, 1, 0 ]
mpl [ 0 ] dir [ 0, 2, 0 ]
mpl [ 0 ] dir [ 0, 3, 0 ]
mpl [ 0, 2, 5, 6, 3, 4 ] dir [ 0, 0, 1 ]
mpl [ 0, 2, 6, 5, 3 ] dir [ 0, 0, -1 ]
mpl [ 4 ] dir [ 0, 0, 1 ]
mpl [ 0 ] dir [ 0, -1, 0 ]
mpl [ 0, 2, 5, 3, 6 ] dir [ 0, 0, 1 ]
mpl [ 0, 2, 6, 3, 5, 4 ] dir [ 0, 0, -1 ]
mpl [ 1, 5, 2, 3, 4, 0 ] dir [ 0, -1, 0 ]
mpl [ 4 ] dir [ 0, 0, -1 ]
mpl [ 0 ] dir [ 0, 1, 0 ]
mpl [ 0 ] dir [ 0, 2, 0 ]
mpl [ 0 ] dir [ 0, -1, 0 ]
mpl [ 0, 2, 5, 3, 6, 4 ] dir [ 0, 0, 1 ]
mpl [ 0, 2, 6, 3, 5 ] dir [ 0, 0, -1 ]
mpl [ 4 ] dir [ 0, 0, 1 ]
mpl [ 0, 6 ] dir [ 0, -1, 0 ]
mpl [ 0, 2, 3, 4, 5 ] dir [ 0, 0, -1 ]
mpl [ 1 ] dir [ 0, 0, 1 ]
mpl [ 1, 4, 2, 0, 3, 5 ] dir [ 0, 0, -1 ]
mpl [ 0 ] dir [ 0, 1, 0 ]
mpl [ 0 ] dir [ 0, -1, 0 ]
mpl [ 0 ] dir [ 0, -2, 0 ]
mpl [ 0, 2, 5, 3, 4 ] dir [ 0, 0, 1 ]
mpl [ 1, 4, 0, 2, 5, 3 ] dir [ 0, 0, 1 ]
mpl [ 1 ] dir [ 0, 0, -1 ]
Finished Level 3
[
  '0 0 0 2 8 6 -1 6 -2 1 11 1 4 11 -1 0 8 1 4 8 -2',
  '0 0 0 2 9 7 -1 7 -2 1 12 1 4 12 -1 0 9 1 4 8 -2',
  '0 0 0 2 9 6 -1 7 -2 1 12 1 4 12 -1 0 9 1 4 9 -2',
  '0 0 0 2 8 7 -1 6 -2 1 11 1 4 11 -1 0 8 1 4 7 -2',
  '0 0 0 2 7 6 -1 5 -2 1 10 1 4 10 -2 0 7 1 4 6 -3',
  '0 0 0 2 8 5 -1 6 -2 1 11 1 4 11 -2 0 8 1 4 6 -3'
]
mpl [ 0, 6 ] dir [ 0, 1, 0 ]
mpl [ 0, 2, 3, 5, 6 ] dir [ 0, 0, -1 ]
mpl [ 1 ] dir [ 0, 0, 1 ]
mpl [ 0, 6 ] dir [ 0, -1, 0 ]
mpl [ 0, 2, 5, 6, 3, 4 ] dir [ 0, 0, 1 ]
mpl [ 0, 2, 3, 4, 5, 1 ] dir [ 0, 0, -1 ]
mpl [ 0 ] dir [ 0, -1, 0 ]
mpl [ 0, 2, 5, 3, 6 ] dir [ 0, 0, 1 ]
mpl [ 1, 5, 2, 3, 4, 0 ] dir [ 0, -1, 0 ]
mpl [ 1 ] dir [ 0, 0, -1 ]
mpl [ 0 ] dir [ 0, 1, 0 ]
mpl [ 0, 2, 5, 6, 3, 4 ] dir [ 0, 0, -1 ]
mpl [ 1, 4, 2, 5, 0, 3 ] dir [ 0, 1, 0 ]
mpl [ 0 ] dir [ 0, 1, 0 ]
mpl [ 0, 2, 3, 4, 5, 1 ] dir [ 0, -1, 0 ]
mpl [ 0, 2, 5, 6, 3 ] dir [ 0, 0, 1 ]
mpl [ 1, 5, 2, 3, 4 ] dir [ 0, -1, 0 ]
mpl [ 1 ] dir [ 0, 0, -1 ]
mpl [ 0, 4, 2, 5, 3, 1 ] dir [ 0, 1, 0 ]
mpl [ 0 ] dir [ 0, -1, 0 ]
mpl [ 0, 2, 6, 3, 5, 4 ] dir [ 0, 0, -1 ]
mpl [ 1, 4, 2, 5, 3 ] dir [ 0, 1, 0 ]
Finished Level 4
[
  '0 0 0 2 8 6 -1 6 -2 1 11 1 4 11 -2 0 8 1 4 6 -3',
  '0 0 0 2 8 6 -1 6 -2 1 11 1 4 11 -1 0 8 1 4 6 -3',
  '0 0 0 2 8 7 -1 6 -2 1 11 1 4 11 -1 0 8 1 4 8 -2',
  '0 0 0 2 9 7 -1 7 -2 1 12 1 4 12 -1 0 9 1 4 9 -2'
]
mpl [ 0 ] dir [ 0, 1, 0 ]
mpl [ 0, 2, 5, 6, 3, 4 ] dir [ 0, 0, 1 ]
mpl [ 1, 4, 2, 5, 0, 3 ] dir [ 0, 1, 0 ]
mpl [ 0, 4, 2, 5, 3, 1 ] dir [ 0, 1, 0 ]
mpl [ 0 ] dir [ 0, -1, 0 ]
mpl [ 0, 2, 5, 3, 6, 4 ] dir [ 0, 0, 1 ]
mpl [ 1, 4, 2, 5, 3 ] dir [ 0, 1, 0 ]
mpl [ 0, 2, 6, 5, 3 ] dir [ 0, 0, 1 ]
mpl [ 0, 2, 3, 5, 6, 4 ] dir [ 0, 0, -1 ]
mpl [ 4 ] dir [ 0, 0, -1 ]
mpl [ 0, 6 ] dir [ 0, 1, 0 ]
mpl [ 0, 2, 6, 5, 3, 4 ] dir [ 0, 0, 1 ]
mpl [ 0, 2, 3, 5, 6 ] dir [ 0, 0, -1 ]
mpl [ 4 ] dir [ 0, 0, 1 ]
Finished Level 5
[ '0 0 0 2 8 7 -1 6 -2 1 11 1 4 11 -1 0 8 1 4 6 -3' ]
mpl [ 0, 2, 6, 5, 3 ] dir [ 0, 0, 1 ]
mpl [ 1 ] dir [ 0, 0, -1 ]
Finished Level 6
[]
DEAD END
470
