prepare undefined undefined
+ mpl [ 0 ] dir [ 0, -1, 0 ] 
+ mpl [ 0 ] dir [ 0, -2, 0 ]
+ mpl [ 0 ] dir [ 0, -3, 0 ]
* mpl [ 0, 2, 4, 5, 3, 6 ] dir [ 0, 0, -1 ]
prepare [ 0 ] [ 0, -1, 0 ]
+ mpl [ 0 ] dir [ 0, 1, 0 ]
+ mpl [ 0 ] dir [ 0, -1, 0 ]
+ mpl [ 0 ] dir [ 0, -2, 0 ]
* mpl [ 0, 2, 4, 3, 6 ] dir [ 0, 0, -1 ]
+ mpl [ 1 ] dir [ 0, 0, 1 ]
==> mpl [ 1, 6, 0, 2, 4, 3 ] dir [ 0, 0, -1 ]  (equivalent van mpl [ 5 ] dir [ 0, 0, 1 ])
prepare [ 0 ] [ 0, -2, 0 ]
mpl [ 0 ] dir [ 0, 1, 0 ]
mpl [ 0 ] dir [ 0, 2, 0 ]
mpl [ 0 ] dir [ 0, -1, 0 ]
mpl [ 0, 2, 5, 3, 4 ] dir [ 0, 0, 1 ]
mpl [ 0, 2, 4, 3, 5, 6 ] dir [ 0, 0, -1 ]
mpl [ 6 ] dir [ 0, 0, -1 ]
prepare [ 0 ] [ 0, -3, 0 ]
mpl [ 0 ] dir [ 0, 1, 0 ]
mpl [ 0 ] dir [ 0, 2, 0 ]
mpl [ 0 ] dir [ 0, 3, 0 ]
mpl [ 0, 2, 5, 4, 3 ] dir [ 0, 0, 1 ]
mpl [ 0, 2, 4, 5, 6 ] dir [ 0, 0, -1 ]
mpl [ 1 ] dir [ 0, 0, 1 ]
mpl [ 3 ] dir [ 0, 0, 1 ]
mpl [ 6 ] dir [ 0, 0, -1 ]
prepare [ 0, 2, 4, 5, 3, 6 ] [ 0, 0, -1 ]
mpl [ 0 ] dir [ 0, -1, 0 ]
mpl [ 0 ] dir [ 0, -2, 0 ]
mpl [ 0 ] dir [ 0, -3, 0 ]
mpl [ 0, 2, 4, 5, 6, 3 ] dir [ 0, 0, 1 ]
prepare [ 0, 2, 5, 4, 3 ] [ 0, 0, 1 ]
mpl [ 0 ] dir [ 0, 1, 0 ]
mpl [ 0, 2, 4, 5 ] dir [ 0, 0, -1 ]
mpl [ 1 ] dir [ 0, 0, 1 ]
mpl [ 1, 4, 6, 0, 2, 5 ] dir [ 0, 0, -1 ]
mpl [ 3, 2, 0, 4, 5 ] dir [ 0, 0, -1 ]
mpl [ 6, 2, 0, 4, 5 ] dir [ 0, 0, -1 ]
prepare [ 0, 2, 4, 5, 6 ] [ 0, 0, -1 ]
mpl [ 0, 2, 5, 4 ] dir [ 0, 0, 1 ]
mpl [ 1, 6, 2, 0, 4, 5 ] dir [ 0, 0, 1 ]
mpl [ 1 ] dir [ 0, 0, -1 ]
mpl [ 3, 2, 0, 4, 5 ] dir [ 0, 0, 1 ]
mpl [ 6, 2, 0, 4, 5 ] dir [ 0, 0, 1 ]
prepare [ 1 ] [ 0, 0, 1 ]
mpl [ 0 ] dir [ 0, 1, 0 ]
mpl [ 0 ] dir [ 0, 2, 0 ]
mpl [ 0 ] dir [ 0, 3, 0 ]
mpl [ 0, 2, 5, 4, 3 ] dir [ 0, 0, 1 ]
mpl [ 0, 2, 4, 5, 6, 1 ] dir [ 0, 0, -1 ]
mpl [ 1 ] dir [ 0, 0, -1 ]
prepare [ 3 ] [ 0, 0, 1 ]
mpl [ 0, 2, 5, 4 ] dir [ 0, 0, 1 ]
mpl [ 0, 2, 4, 5, 3, 6 ] dir [ 0, 0, -1 ]
mpl [ 1, 6 ] dir [ 0, 0, -1 ]
mpl [ 3 ] dir [ 0, 0, -1 ]
mpl [ 6 ] dir [ 0, 0, -1 ]
prepare [ 6 ] [ 0, 0, -1 ]
mpl [ 0 ] dir [ 0, 1, 0 ]
mpl [ 0, 2, 5, 4, 3, 6 ] dir [ 0, 0, 1 ]
mpl [ 0, 2, 4, 5 ] dir [ 0, 0, -1 ]
mpl [ 1, 6 ] dir [ 0, 0, 1 ]
mpl [ 3 ] dir [ 0, 0, 1 ]
mpl [ 6 ] dir [ 0, 0, 1 ]
prepare [ 0, 2, 5, 3, 4 ] [ 0, 0, 1 ]
mpl [ 0 ] dir [ 0, -1, 0 ]
mpl [ 0, 2, 4, 3, 5 ] dir [ 0, 0, -1 ]
mpl [ 1 ] dir [ 0, 0, 1 ]
prepare [ 0, 2, 4, 3, 5, 6 ] [ 0, 0, -1 ]
mpl [ 0 ] dir [ 0, 1, 0 ]
mpl [ 0 ] dir [ 0, 2, 0 ]
mpl [ 0 ] dir [ 0, -1, 0 ]
mpl [ 0, 2, 5, 3, 4 ] dir [ 0, 0, 1 ]
mpl [ 1 ] dir [ 0, 0, -1 ]
prepare [ 6 ] [ 0, 0, -1 ]
mpl [ 0 ] dir [ 0, -1, 0 ]
mpl [ 0, 2, 5, 3, 4, 6 ] dir [ 0, 0, 1 ]
mpl [ 0, 2, 4, 3, 5 ] dir [ 0, 0, -1 ]
mpl [ 6 ] dir [ 0, 0, 1 ]
prepare [ 0 ] [ 0, 1, 0 ]
mpl [ 0 ] dir [ 0, -1, 0 ]
mpl [ 0 ] dir [ 0, -2, 0 ]
mpl [ 0 ] dir [ 0, -3, 0 ]
mpl [ 0, 2, 4, 5, 3, 6 ] dir [ 0, 0, -1 ]
prepare [ 0, 2, 4, 3, 6 ] [ 0, 0, -1 ]
mpl [ 0, 2, 1, 5, 6, 3 ] dir [ 1, 0, 0 ]
mpl [ 0, 5 ] dir [ 0, -1, 0 ]
mpl [ 0, 5 ] dir [ 0, -2, 0 ]
mpl [ 0, 2, 3, 6, 4 ] dir [ 0, 0, 1 ]
mpl [ 1, 6, 0, 2, 3, 4 ] dir [ 0, 0, 1 ]
mpl [ 1 ] dir [ 0, 0, -1 ]
prepare [ 1 ] [ 0, 0, 1 ]
mpl [ 0 ] dir [ 0, 1, 0 ]
mpl [ 0 ] dir [ 0, -1, 0 ]
mpl [ 0 ] dir [ 0, -2, 0 ]
mpl [ 0, 2, 5, 3, 6, 4 ] dir [ 0, 0, 1 ]
mpl [ 0, 2, 4, 3, 6, 1 ] dir [ 0, 0, -1 ]
prepare [ 1, 6, 0, 2, 4, 3 ] [ 0, 0, -1 ]
mpl [ 0, 2, 1, 5, 6, 3 ] dir [ 1, 0, 0 ]
mpl [ 0, 5 ] dir [ 0, -1, 0 ]
mpl [ 0, 5 ] dir [ 0, -2, 0 ]
mpl [ 0, 2, 3, 6, 4, 1 ] dir [ 0, 0, 1 ]
mpl [ 0, 2, 4, 5, 3, 6 ] dir [ 0, 0, -1 ]
prepare [ 0, 2, 1, 5, 6, 3 ] [ 1, 0, 0 ]
mpl [ 0, 5, 3, 2, 6, 1 ] dir [ -1, 0, 0 ]
mpl [ 0, 5 ] dir [ 0, -1, 0 ]
mpl [ 0, 5 ] dir [ 0, -2, 0 ]
mpl [ 0, 2, 5, 3, 6, 4 ] dir [ 0, 0, -1 ]
prepare [ 0, 5 ] [ 0, -1, 0 ]
mpl [ 0, 2, 1, 5, 6, 3 ] dir [ 1, 0, 0 ]
mpl [ 0, 5 ] dir [ 0, 1, 0 ]
mpl [ 0, 5 ] dir [ 0, -1, 0 ]
mpl [ 0, 2, 3, 4, 5 ] dir [ 0, 0, 1 ]
mpl [ 0, 2, 5, 4, 3, 6 ] dir [ 0, 0, -1 ]
mpl [ 6 ] dir [ 0, 0, -1 ]
prepare [ 0, 5 ] [ 0, -2, 0 ]
mpl [ 0, 2, 5, 6, 3 ] dir [ 1, 0, 0 ]
mpl [ 0, 5 ] dir [ 0, 1, 0 ]
mpl [ 0, 5 ] dir [ 0, 2, 0 ]
mpl [ 0, 2, 4, 3, 5 ] dir [ 0, 0, 1 ]
mpl [ 0, 5, 2, 4, 6 ] dir [ 0, 0, -1 ]
mpl [ 1, 3, 2, 5, 6, 0 ] dir [ 1, 0, 0 ]
mpl [ 1 ] dir [ -1, 0, 0 ]
mpl [ 1 ] dir [ 0, 0, 1 ]
mpl [ 3 ] dir [ 0, 0, 1 ]
mpl [ 6 ] dir [ 0, 0, -1 ]
prepare [ 0, 2, 1, 5, 6, 3 ] [ 1, 0, 0 ]
mpl [ 0, 5, 3, 2, 6, 1 ] dir [ -1, 0, 0 ]
mpl [ 0, 5 ] dir [ 0, -1, 0 ]
mpl [ 0, 5 ] dir [ 0, -2, 0 ]
mpl [ 0, 2, 4, 3, 6, 5 ] dir [ 0, 0, 1 ]
prepare [ 0, 5 ] [ 0, -1, 0 ]
mpl [ 0, 2, 1, 5, 6, 3 ] dir [ 1, 0, 0 ]
mpl [ 0, 5 ] dir [ 0, 1, 0 ]
mpl [ 0, 5 ] dir [ 0, -1, 0 ]
mpl [ 0, 2, 3, 4, 5 ] dir [ 0, 0, 1 ]
mpl [ 1 ] dir [ 0, 0, -1 ]
prepare [ 0, 5 ] [ 0, -2, 0 ]
mpl [ 0, 2, 5, 6, 3 ] dir [ 1, 0, 0 ]
mpl [ 0, 5 ] dir [ 0, 1, 0 ]
mpl [ 0, 5 ] dir [ 0, 2, 0 ]
mpl [ 0, 2, 4, 3, 5 ] dir [ 0, 0, 1 ]
mpl [ 0, 5, 2, 4, 6, 1 ] dir [ 0, 0, -1 ]
mpl [ 1, 3, 2, 5, 6, 0 ] dir [ 1, 0, 0 ]
mpl [ 1 ] dir [ -1, 0, 0 ]
mpl [ 1 ] dir [ -2, 0, 0 ]
mpl [ 1 ] dir [ 0, 0, -1 ]
prepare [ 1, 4, 6, 0, 2, 5 ] [ 0, 0, -1 ]
mpl [ 0, 2, 5, 4, 6, 1 ] dir [ 0, 0, 1 ]
mpl [ 0, 2, 4, 5, 3 ] dir [ 0, 0, -1 ]
mpl [ 1 ] dir [ 0, 0, 1 ]
prepare [ 6, 2, 0, 4, 5 ] [ 0, 0, -1 ]
mpl [ 0, 2, 5, 4, 6 ] dir [ 0, 0, 1 ]
mpl [ 0, 2, 4, 5, 3 ] dir [ 0, 0, -1 ]
mpl [ 1 ] dir [ 0, 0, -1 ]
mpl [ 3 ] dir [ 0, 0, -1 ]
mpl [ 6 ] dir [ 0, 0, 1 ]
prepare [ 0, 2, 5, 6, 3 ] [ 1, 0, 0 ]
mpl [ 0, 2, 4, 5, 6, 3 ] dir [ 1, 0, 0 ]
mpl [ 0, 5, 2, 3, 6 ] dir [ -1, 0, 0 ]
mpl [ 0, 2, 4, 3, 5 ] dir [ 0, 0, 1 ]
mpl [ 0, 5, 2, 4, 6, 1 ] dir [ 0, 0, -1 ]
mpl [ 1 ] dir [ 1, 0, 0 ]
mpl [ 1 ] dir [ 0, 0, -1 ]
mpl [ 4 ] dir [ 1, 0, 0 ]
prepare [ 1 ] [ -1, 0, 0 ]
mpl [ 0, 2, 5, 6, 3 ] dir [ 1, 0, 0 ]
mpl [ 0, 5, 4, 2, 3, 6 ] dir [ -1, 0, 0 ]
mpl [ 0, 2, 4, 3, 5 ] dir [ 0, 0, 1 ]
mpl [ 0, 5, 2, 4, 6, 1 ] dir [ 0, 0, -1 ]
mpl [ 1 ] dir [ -1, 0, 0 ]
mpl [ 1 ] dir [ 0, 0, -1 ]
mpl [ 4 ] dir [ -1, 0, 0 ]
prepare [ 1 ] [ -2, 0, 0 ]
mpl [ 0, 2, 5, 1, 6, 3 ] dir [ 1, 0, 0 ]
mpl [ 0, 5, 4, 2, 3, 6 ] dir [ -1, 0, 0 ]
mpl [ 0, 5, 4, 2, 3, 6 ] dir [ -2, 0, 0 ]
mpl [ 0, 5 ] dir [ 0, 1, 0 ]
mpl [ 0, 5, 2, 4, 6, 1 ] dir [ 0, 0, -1 ]
mpl [ 1 ] dir [ 0, -1, 0 ]
prepare [ 0, 5 ] [ 0, -1, 0 ]
mpl [ 0, 5, 3, 2, 6, 1 ] dir [ -1, 0, 0 ]
mpl [ 0, 5 ] dir [ 0, 1, 0 ]
mpl [ 0, 5 ] dir [ 0, -1, 0 ]
mpl [ 0, 2, 4, 3, 5 ] dir [ 0, 0, 1 ]
mpl [ 1 ] dir [ 0, 0, -1 ]
prepare [ 0, 5 ] [ 0, -2, 0 ]
mpl [ 0, 2, 4, 5, 6, 3 ] dir [ 1, 0, 0 ]
mpl [ 0, 2, 4, 5, 6, 3 ] dir [ 2, 0, 0 ]
mpl [ 0, 5, 2, 3, 6, 1 ] dir [ -1, 0, 0 ]
mpl [ 0, 5 ] dir [ 0, 1, 0 ]
mpl [ 0, 5 ] dir [ 0, 2, 0 ]
mpl [ 0, 2, 4, 3, 5 ] dir [ 0, 0, 1 ]
mpl [ 0, 5, 2, 4, 6, 1 ] dir [ 0, 0, -1 ]
mpl [ 1 ] dir [ 0, 0, -1 ]
prepare [ 0, 2, 5, 6, 3 ] [ 1, 0, 0 ]
mpl [ 0, 5, 2, 3, 6 ] dir [ -1, 0, 0 ]
mpl [ 0, 2, 4, 3, 5 ] dir [ 0, 0, 1 ]
mpl [ 0, 5, 2, 4, 6 ] dir [ 0, 0, -1 ]
mpl [ 1 ] dir [ 1, 0, 0 ]
mpl [ 1, 2, 0, 3, 5, 6 ] dir [ -1, 0, 0 ]
mpl [ 1 ] dir [ 0, 0, 1 ]
mpl [ 3 ] dir [ 0, 0, 1 ]
mpl [ 6 ] dir [ 0, 0, -1 ]
prepare [ 0, 2, 4, 3, 5 ] [ 0, 0, 1 ]
mpl [ 0, 2, 5, 6, 3 ] dir [ 1, 0, 0 ]
mpl [ 0, 5 ] dir [ 0, 1, 0 ]
mpl [ 0, 5, 2, 4 ] dir [ 0, 0, -1 ]
mpl [ 1, 3, 2, 5, 6, 0 ] dir [ 1, 0, 0 ]
mpl [ 1 ] dir [ -1, 0, 0 ]
mpl [ 1 ] dir [ -2, 0, 0 ]
mpl [ 1 ] dir [ 0, 0, 1 ]
mpl [ 1, 4, 6, 0, 2, 5 ] dir [ 0, 0, -1 ]
mpl [ 3, 2, 0, 5, 4 ] dir [ 0, 0, -1 ]
mpl [ 6, 2, 0, 5, 4 ] dir [ 0, 0, -1 ]
prepare [ 0, 5, 2, 4, 6 ] [ 0, 0, -1 ]
mpl [ 0, 2, 5, 6, 3 ] dir [ 1, 0, 0 ]
mpl [ 0, 2, 4, 5 ] dir [ 0, 0, 1 ]
mpl [ 1, 3, 2, 5, 6, 0 ] dir [ 1, 0, 0 ]
mpl [ 1 ] dir [ -1, 0, 0 ]
mpl [ 1 ] dir [ -2, 0, 0 ]
mpl [ 1, 6, 2, 0, 4, 5 ] dir [ 0, 0, 1 ]
mpl [ 1 ] dir [ 0, 0, -1 ]
mpl [ 3, 2, 0, 4, 5 ] dir [ 0, 0, 1 ]
mpl [ 6, 2, 0, 4, 5 ] dir [ 0, 0, 1 ]
prepare [ 1 ] [ -1, 0, 0 ]
mpl [ 0, 2, 1, 5, 6, 3 ] dir [ 1, 0, 0 ]
mpl [ 0, 5, 4, 2, 3, 6 ] dir [ -1, 0, 0 ]
mpl [ 0, 2, 4, 3, 5 ] dir [ 0, 0, 1 ]
mpl [ 0, 5, 2, 4, 6 ] dir [ 0, 0, -1 ]
mpl [ 1 ] dir [ 0, 0, 1 ]
mpl [ 3 ] dir [ 0, 0, 1 ]
mpl [ 6 ] dir [ 0, 0, -1 ]
prepare [ 3 ] [ 0, 0, 1 ]
mpl [ 0, 2, 5, 6, 3 ] dir [ 1, 0, 0 ]
mpl [ 0, 2, 4, 5 ] dir [ 0, 0, 1 ]
mpl [ 0, 5, 2, 4, 3, 6 ] dir [ 0, 0, -1 ]
mpl [ 1, 3, 2, 5, 6, 0 ] dir [ 1, 0, 0 ]
mpl [ 1 ] dir [ -1, 0, 0 ]
mpl [ 1, 6 ] dir [ 0, 0, -1 ]
mpl [ 3 ] dir [ 0, 0, -1 ]
mpl [ 6 ] dir [ 0, 0, -1 ]
prepare [ 6 ] [ 0, 0, -1 ]
mpl [ 0, 2, 5, 6, 3 ] dir [ 1, 0, 0 ]
mpl [ 0, 5 ] dir [ 0, 1, 0 ]
mpl [ 0, 2, 4, 3, 5, 6 ] dir [ 0, 0, 1 ]
mpl [ 0, 5, 2, 4 ] dir [ 0, 0, -1 ]
mpl [ 1, 3, 2, 5, 6, 0 ] dir [ 1, 0, 0 ]
mpl [ 1 ] dir [ -1, 0, 0 ]
mpl [ 1, 6 ] dir [ 0, 0, 1 ]
mpl [ 3 ] dir [ 0, 0, 1 ]
mpl [ 6 ] dir [ 0, 0, 1 ]
prepare [ 0, 2, 3, 4, 5 ] [ 0, 0, 1 ]
mpl [ 0, 2, 1, 5, 6, 3 ] dir [ 1, 0, 0 ]
mpl [ 0, 5 ] dir [ 0, -1, 0 ]
mpl [ 0, 2, 5, 4, 3 ] dir [ 0, 0, -1 ]
mpl [ 1 ] dir [ 0, 0, 1 ]
prepare [ 6 ] [ 0, 0, -1 ]
mpl [ 0, 2, 1, 5, 6, 3 ] dir [ 1, 0, 0 ]
mpl [ 0, 5 ] dir [ 0, -1, 0 ]
mpl [ 0, 2, 3, 4, 5, 6 ] dir [ 0, 0, 1 ]
mpl [ 0, 2, 5, 4, 3 ] dir [ 0, 0, -1 ]
mpl [ 6 ] dir [ 0, 0, 1 ]
prepare [ 0, 5 ] [ 0, -1, 0 ]
mpl [ 0, 5, 3, 2, 6, 1 ] dir [ -1, 0, 0 ]
mpl [ 0, 5 ] dir [ 0, 1, 0 ]
mpl [ 0, 5 ] dir [ 0, -1, 0 ]
mpl [ 0, 2, 4, 3, 5 ] dir [ 0, 0, 1 ]
mpl [ 0, 2, 5, 3, 6, 4 ] dir [ 0, 0, -1 ]
mpl [ 6 ] dir [ 0, 0, -1 ]
prepare [ 0, 5 ] [ 0, -2, 0 ]
mpl [ 0, 2, 4, 5, 6, 3 ] dir [ 1, 0, 0 ]
mpl [ 0, 5, 2, 3, 6, 1 ] dir [ -1, 0, 0 ]
mpl [ 0, 5 ] dir [ 0, 1, 0 ]
mpl [ 0, 5 ] dir [ 0, 2, 0 ]
mpl [ 0, 2, 4, 3, 5 ] dir [ 0, 0, 1 ]
mpl [ 0, 5, 2, 4, 6 ] dir [ 0, 0, -1 ]
mpl [ 1 ] dir [ 0, 0, 1 ]
mpl [ 3 ] dir [ 0, 0, 1 ]
mpl [ 6 ] dir [ 0, 0, -1 ]
prepare [ 0, 2, 1, 5, 6, 3 ] [ 1, 0, 0 ]
mpl [ 0, 5, 3, 2, 6, 1 ] dir [ -1, 0, 0 ]
mpl [ 0, 5 ] dir [ 0, -1, 0 ]
mpl [ 0, 2, 5, 3, 4 ] dir [ 0, 0, -1 ]
mpl [ 1 ] dir [ 0, 0, 1 ]
prepare [ 1, 3, 2, 5, 6, 0 ] [ 1, 0, 0 ]
mpl [ 0, 2, 4, 5, 6, 3 ] dir [ 1, 0, 0 ]
mpl [ 0, 5, 2, 3, 6, 1 ] dir [ -1, 0, 0 ]
mpl [ 0, 2, 4, 5 ] dir [ 0, 0, 1 ]
mpl [ 0, 5, 2, 4, 3, 6 ] dir [ 0, 0, -1 ]
mpl [ 1, 6 ] dir [ 0, 0, -1 ]
mpl [ 3 ] dir [ 0, 0, -1 ]
mpl [ 6 ] dir [ 0, 0, -1 ]
prepare [ 3 ] [ 0, 0, 1 ]
mpl [ 0, 2, 1, 5, 6, 3 ] dir [ 1, 0, 0 ]
mpl [ 0, 5, 4, 2, 3, 6 ] dir [ -1, 0, 0 ]
mpl [ 0, 2, 4, 5 ] dir [ 0, 0, 1 ]
mpl [ 0, 5, 2, 4, 3, 6 ] dir [ 0, 0, -1 ]
mpl [ 1, 6 ] dir [ 0, 0, -1 ]
mpl [ 3 ] dir [ 0, 0, -1 ]
mpl [ 6 ] dir [ 0, 0, -1 ]
prepare [ 1, 3, 2, 5, 6, 0 ] [ 1, 0, 0 ]
mpl [ 0, 2, 4, 5, 6, 3 ] dir [ 1, 0, 0 ]
mpl [ 0, 2, 4, 5, 6, 3 ] dir [ 2, 0, 0 ]
mpl [ 0, 5, 2, 3, 6, 1 ] dir [ -1, 0, 0 ]
mpl [ 0, 5 ] dir [ 0, 1, 0 ]
mpl [ 0, 5, 2, 4 ] dir [ 0, 0, -1 ]
mpl [ 1 ] dir [ 0, 0, 1 ]
mpl [ 1, 4, 6, 0, 2, 5 ] dir [ 0, 0, -1 ]
mpl [ 3, 2, 0, 5, 4 ] dir [ 0, 0, -1 ]
mpl [ 6, 2, 0, 5, 4 ] dir [ 0, 0, -1 ]
prepare [ 1 ] [ -1, 0, 0 ]
mpl [ 0, 2, 5, 6, 3 ] dir [ 1, 0, 0 ]
mpl [ 0, 5, 4, 2, 3, 6 ] dir [ -1, 0, 0 ]
mpl [ 0, 5, 2, 4 ] dir [ 0, 0, -1 ]
mpl [ 1 ] dir [ -1, 0, 0 ]
mpl [ 1 ] dir [ 0, 0, 1 ]
mpl [ 1, 6, 2, 0, 5, 4 ] dir [ 0, 0, -1 ]
mpl [ 3, 2, 0, 5, 4 ] dir [ 0, 0, -1 ]
mpl [ 4 ] dir [ -1, 0, 0 ]
mpl [ 6, 2, 0, 5, 4 ] dir [ 0, 0, -1 ]
prepare [ 1 ] [ -2, 0, 0 ]
mpl [ 0, 2, 5, 1, 6, 3 ] dir [ 1, 0, 0 ]
mpl [ 0, 5, 4, 2, 3, 6 ] dir [ -1, 0, 0 ]
mpl [ 0, 5, 4, 2, 3, 6 ] dir [ -2, 0, 0 ]
mpl [ 0, 5, 2, 4, 1, 6 ] dir [ 0, 0, -1 ]
prepare [ 1, 4, 6, 0, 2, 5 ] [ 0, 0, -1 ]
mpl [ 0, 2, 5, 6, 3 ] dir [ 1, 0, 0 ]
mpl [ 0, 2, 4, 5, 6, 1 ] dir [ 0, 0, 1 ]
mpl [ 0, 5, 2, 4, 3 ] dir [ 0, 0, -1 ]
mpl [ 1, 3, 2, 5, 6, 0 ] dir [ 1, 0, 0 ]
mpl [ 1 ] dir [ -1, 0, 0 ]
mpl [ 1 ] dir [ -2, 0, 0 ]
mpl [ 1 ] dir [ 0, 0, 1 ]
prepare [ 6, 2, 0, 5, 4 ] [ 0, 0, -1 ]
mpl [ 0, 2, 5, 6, 3 ] dir [ 1, 0, 0 ]
mpl [ 0, 2, 4, 5, 6 ] dir [ 0, 0, 1 ]
mpl [ 0, 5, 2, 4, 3 ] dir [ 0, 0, -1 ]
mpl [ 1, 3, 2, 5, 6, 0 ] dir [ 1, 0, 0 ]
mpl [ 1 ] dir [ -1, 0, 0 ]
mpl [ 1 ] dir [ 0, 0, -1 ]
mpl [ 3 ] dir [ 0, 0, -1 ]
mpl [ 6 ] dir [ 0, 0, 1 ]
prepare [ 0, 2, 4, 3, 5 ] [ 0, 0, 1 ]
mpl [ 0, 2, 4, 5, 6, 3 ] dir [ 1, 0, 0 ]
mpl [ 0, 5, 2, 3, 6 ] dir [ -1, 0, 0 ]
mpl [ 0, 5, 2, 4 ] dir [ 0, 0, -1 ]
mpl [ 1 ] dir [ 1, 0, 0 ]
mpl [ 1 ] dir [ 0, 0, 1 ]
mpl [ 1, 4, 6, 0, 2, 5 ] dir [ 0, 0, -1 ]
mpl [ 3, 2, 0, 5, 4 ] dir [ 0, 0, -1 ]
mpl [ 4 ] dir [ 1, 0, 0 ]
mpl [ 6, 2, 0, 5, 4 ] dir [ 0, 0, -1 ]
prepare [ 3 ] [ 0, 0, 1 ]
mpl [ 0, 5, 2, 3, 6 ] dir [ -1, 0, 0 ]
mpl [ 0, 2, 4, 5 ] dir [ 0, 0, 1 ]
mpl [ 0, 5, 2, 4, 3, 6 ] dir [ 0, 0, -1 ]
mpl [ 1 ] dir [ 1, 0, 0 ]
mpl [ 1, 2, 0, 3, 5, 6 ] dir [ -1, 0, 0 ]
mpl [ 1, 6 ] dir [ 0, 0, -1 ]
mpl [ 3 ] dir [ 0, 0, -1 ]
mpl [ 6 ] dir [ 0, 0, -1 ]
prepare [ 0, 2, 4, 3, 5 ] [ 0, 0, 1 ]
mpl [ 0, 2, 4, 5, 6, 3 ] dir [ 1, 0, 0 ]
mpl [ 0, 5, 2, 3, 6, 1 ] dir [ -1, 0, 0 ]
mpl [ 0, 5 ] dir [ 0, 1, 0 ]
mpl [ 0, 2, 4, 3, 5, 6 ] dir [ 0, 0, 1 ]
mpl [ 0, 5, 2, 4 ] dir [ 0, 0, -1 ]
mpl [ 1, 6 ] dir [ 0, 0, 1 ]
mpl [ 3 ] dir [ 0, 0, 1 ]
mpl [ 6 ] dir [ 0, 0, 1 ]
prepare [ 0, 5, 2, 4, 6, 1 ] [ 0, 0, -1 ]
mpl [ 0, 2, 4, 5, 6, 3 ] dir [ 1, 0, 0 ]
mpl [ 0, 2, 4, 5, 6, 3 ] dir [ 2, 0, 0 ]
mpl [ 0, 5, 2, 3, 6, 1 ] dir [ -1, 0, 0 ]
mpl [ 0, 2, 4, 5 ] dir [ 0, 0, 1 ]
mpl [ 1, 6, 2, 0, 5, 4 ] dir [ 0, 0, 1 ]
mpl [ 1 ] dir [ 0, 0, -1 ]
mpl [ 3, 2, 0, 5, 4 ] dir [ 0, 0, 1 ]
mpl [ 6, 2, 0, 5, 4 ] dir [ 0, 0, 1 ]
prepare [ 0, 2, 4, 3, 5 ] [ 0, 0, 1 ]
mpl [ 0, 5, 3, 2, 6, 1 ] dir [ -1, 0, 0 ]
mpl [ 0, 5 ] dir [ 0, -1, 0 ]
mpl [ 0, 2, 4, 3, 5, 6 ] dir [ 0, 0, 1 ]
mpl [ 0, 2, 5, 3, 4 ] dir [ 0, 0, -1 ]
mpl [ 6 ] dir [ 0, 0, 1 ]
prepare [ 0, 5 ] [ 0, 1, 0 ]
mpl [ 0, 2, 5, 1, 6, 3 ] dir [ 1, 0, 0 ]
mpl [ 0, 5 ] dir [ 0, -1, 0 ]
mpl [ 1, 5, 0 ] dir [ 0, -1, 0 ]
prepare [ 0, 5, 2, 4, 6, 1 ] [ 0, 0, -1 ]
mpl [ 0, 2, 5, 1, 6, 3 ] dir [ 1, 0, 0 ]
mpl [ 0, 5, 4, 2, 3, 6 ] dir [ -1, 0, 0 ]
mpl [ 0, 5, 4, 2, 3, 6 ] dir [ -2, 0, 0 ]
mpl [ 0, 5, 3, 2, 4, 6 ] dir [ 0, 1, 0 ]
mpl [ 0, 2, 4, 5, 1, 6 ] dir [ 0, 0, 1 ]
prepare [ 1 ] [ 0, -1, 0 ]
mpl [ 0, 2, 5, 1, 6, 3 ] dir [ 1, 0, 0 ]
mpl [ 0, 5, 1 ] dir [ 0, 1, 0 ]
mpl [ 0, 2, 5, 3, 6, 4 ] dir [ 0, -1, 0 ]
mpl [ 0, 2, 4, 3, 5 ] dir [ 0, 0, 1 ]
mpl [ 0, 5, 2, 4, 6 ] dir [ 0, 0, -1 ]
mpl [ 1 ] dir [ 0, 0, 1 ]
mpl [ 1 ] dir [ 0, 0, 2 ]
mpl [ 1 ] dir [ 0, 0, 3 ]
mpl [ 1 ] dir [ 0, 0, 4 ]
mpl [ 1 ] dir [ 0, 0, 5 ]
mpl [ 1 ] dir [ 0, 0, 6 ]
mpl [ 1 ] dir [ 0, 0, 7 ]
SEPARATION FOUND
undefined
